
============================================================
Site Monitor Run — 2026-03-13 05:22:30
============================================================

FAILURES (23):
  FAIL [LINKS] Broken link: ../demo-live.html (from blog/ai-receptionist-vs-answering-service.html, war-room/index.html)
  FAIL [LINKS] Broken link: sms:+16156539004 (from industries.html)
  FAIL [LINKS] Broken link: sms:+16157845747 (from checkout.html, onboarding/next-steps.html, pilot/ghost/index.html)
  FAIL [FORMS] Placeholder text in dental.html: PLACEHOLDER
  FAIL [FORMS] Placeholder text in electrical.html: PLACEHOLDER
  FAIL [FORMS] Placeholder text in funeral.html: PLACEHOLDER
  FAIL [FORMS] Placeholder text in garage-door.html: PLACEHOLDER
  FAIL [FORMS] Placeholder text in hvac.html: PLACEHOLDER
  FAIL [FORMS] Placeholder text in legal.html: PLACEHOLDER
  FAIL [FORMS] Placeholder text in locksmith.html: PLACEHOLDER
  FAIL [FORMS] Placeholder text in medspa.html: PLACEHOLDER
  FAIL [FORMS] Placeholder text in plumbing.html: PLACEHOLDER
  FAIL [FORMS] Placeholder text in property-management.html: PLACEHOLDER
  FAIL [FORMS] Placeholder text in roofing.html: PLACEHOLDER
  FAIL [FORMS] Placeholder text in towing.html: PLACEHOLDER
  FAIL [FORMS] Placeholder text in veterinary.html: PLACEHOLDER
  FAIL [JS] Outdated ui.css reference in case-studies/arctic-air-pros.html: /shared/ui.css
  FAIL [JS] Outdated ui.css reference in case-studies/index.html: /shared/ui.css
  FAIL [JS] Outdated ui.css reference in case-studies/palmetto-comfort.html: /shared/ui.css
  FAIL [JS] Outdated ui.css reference in case-studies/precision-plumbing.html: /shared/ui.css
  FAIL [JS] Outdated ui.css reference in case-studies/rapid-key-locksmith.html: /shared/ui.css
  FAIL [JS] Outdated ui.css reference in case-studies/reliable-rooter.html: /shared/ui.css
  FAIL [JS] Outdated ui.css reference in portal.html: /shared/ui.css

WARNINGS (16):
  WARN [THEME] Light-theme color (background: #ffffff) in blog/ai-receptionist-vs-answering-service.html
  WARN [THEME] Light-theme color (background: #ffffff) in blog/best-answering-service-dental.html
  WARN [THEME] Light-theme color (background: #ffffff) in blog/best-answering-service-electricians.html
  WARN [THEME] Light-theme color (background: #ffffff) in blog/best-answering-service-funeral-homes.html
  WARN [THEME] Light-theme color (background: #ffffff) in blog/best-answering-service-garage-door.html
  WARN [THEME] Light-theme color (background: #ffffff) in blog/best-answering-service-hvac.html
  WARN [THEME] Light-theme color (background: #ffffff) in blog/best-answering-service-law-firms.html
  WARN [THEME] Light-theme color (background: #ffffff) in blog/best-answering-service-locksmiths.html
  WARN [THEME] Light-theme color (background: #ffffff) in blog/best-answering-service-medspa.html
  WARN [THEME] Light-theme color (background: #ffffff) in blog/best-answering-service-plumbers.html
  WARN [THEME] Missing theme-color meta: admin/bots.html
  WARN [THEME] Missing theme-color meta: admin/contacts.html
  WARN [THEME] Missing theme-color meta: admin/inbox.html
  WARN [THEME] Missing theme-color meta: admin/index.html
  WARN [THEME] Missing theme-color meta: admin/intake.html
  WARN [THEME] 5 more files missing theme-color meta

PASSED (14):
  PASS [AUDIO] demo-showcase.html scanned for media references
  PASS [AUDIO] OK (15.5KB): /assets/demo/demo-call-15s.mp3
  PASS [LINKS-CRITICAL] Critical page exists: index.html
  PASS [LINKS-CRITICAL] Critical page exists: book.html
  PASS [LINKS-CRITICAL] Critical page exists: pricing.html
  PASS [LINKS-CRITICAL] Critical page exists: calculator.html
  PASS [LINKS-CRITICAL] Critical page exists: signup.html
  PASS [LINKS-CRITICAL] Critical page exists: checkout.html
  PASS [LINKS-CRITICAL] Critical page exists: pilot/index.html
  PASS [LINKS-CRITICAL] Critical page exists: demo-showcase.html
  PASS [JS] OK (7.5KB): shared/ui-dark.js
  PASS [JS] OK (8.2KB): shared/ui-dark.css
  PASS [JS] OK (41.3KB): shared/demo-console.js
  PASS [JS] OK (20.6KB): tct-tracking.js

SUMMARY: 14 passed, 23 failed, 16 warnings


============================================================
Site Monitor Run — 2026-03-13 05:22:56
============================================================

FAILURES (21):
  FAIL [LINKS] Broken link: ../demo-live.html (from blog/ai-receptionist-vs-answering-service.html, war-room/index.html)
  FAIL [FORMS] Placeholder text in dental.html: PLACEHOLDER
  FAIL [FORMS] Placeholder text in electrical.html: PLACEHOLDER
  FAIL [FORMS] Placeholder text in funeral.html: PLACEHOLDER
  FAIL [FORMS] Placeholder text in garage-door.html: PLACEHOLDER
  FAIL [FORMS] Placeholder text in hvac.html: PLACEHOLDER
  FAIL [FORMS] Placeholder text in legal.html: PLACEHOLDER
  FAIL [FORMS] Placeholder text in locksmith.html: PLACEHOLDER
  FAIL [FORMS] Placeholder text in medspa.html: PLACEHOLDER
  FAIL [FORMS] Placeholder text in plumbing.html: PLACEHOLDER
  FAIL [FORMS] Placeholder text in property-management.html: PLACEHOLDER
  FAIL [FORMS] Placeholder text in roofing.html: PLACEHOLDER
  FAIL [FORMS] Placeholder text in towing.html: PLACEHOLDER
  FAIL [FORMS] Placeholder text in veterinary.html: PLACEHOLDER
  FAIL [JS] Outdated ui.css reference in case-studies/arctic-air-pros.html: /shared/ui.css
  FAIL [JS] Outdated ui.css reference in case-studies/index.html: /shared/ui.css
  FAIL [JS] Outdated ui.css reference in case-studies/palmetto-comfort.html: /shared/ui.css
  FAIL [JS] Outdated ui.css reference in case-studies/precision-plumbing.html: /shared/ui.css
  FAIL [JS] Outdated ui.css reference in case-studies/rapid-key-locksmith.html: /shared/ui.css
  FAIL [JS] Outdated ui.css reference in case-studies/reliable-rooter.html: /shared/ui.css
  FAIL [JS] Outdated ui.css reference in portal.html: /shared/ui.css

WARNINGS (16):
  WARN [THEME] Light-theme color (background: #ffffff) in blog/ai-receptionist-vs-answering-service.html
  WARN [THEME] Light-theme color (background: #ffffff) in blog/best-answering-service-dental.html
  WARN [THEME] Light-theme color (background: #ffffff) in blog/best-answering-service-electricians.html
  WARN [THEME] Light-theme color (background: #ffffff) in blog/best-answering-service-funeral-homes.html
  WARN [THEME] Light-theme color (background: #ffffff) in blog/best-answering-service-garage-door.html
  WARN [THEME] Light-theme color (background: #ffffff) in blog/best-answering-service-hvac.html
  WARN [THEME] Light-theme color (background: #ffffff) in blog/best-answering-service-law-firms.html
  WARN [THEME] Light-theme color (background: #ffffff) in blog/best-answering-service-locksmiths.html
  WARN [THEME] Light-theme color (background: #ffffff) in blog/best-answering-service-medspa.html
  WARN [THEME] Light-theme color (background: #ffffff) in blog/best-answering-service-plumbers.html
  WARN [THEME] Missing theme-color meta: admin/bots.html
  WARN [THEME] Missing theme-color meta: admin/contacts.html
  WARN [THEME] Missing theme-color meta: admin/inbox.html
  WARN [THEME] Missing theme-color meta: admin/index.html
  WARN [THEME] Missing theme-color meta: admin/intake.html
  WARN [THEME] 5 more files missing theme-color meta

PASSED (14):
  PASS [AUDIO] demo-showcase.html scanned for media references
  PASS [AUDIO] OK (15.5KB): /assets/demo/demo-call-15s.mp3
  PASS [LINKS-CRITICAL] Critical page exists: index.html
  PASS [LINKS-CRITICAL] Critical page exists: book.html
  PASS [LINKS-CRITICAL] Critical page exists: pricing.html
  PASS [LINKS-CRITICAL] Critical page exists: calculator.html
  PASS [LINKS-CRITICAL] Critical page exists: signup.html
  PASS [LINKS-CRITICAL] Critical page exists: checkout.html
  PASS [LINKS-CRITICAL] Critical page exists: pilot/index.html
  PASS [LINKS-CRITICAL] Critical page exists: demo-showcase.html
  PASS [JS] OK (7.5KB): shared/ui-dark.js
  PASS [JS] OK (8.2KB): shared/ui-dark.css
  PASS [JS] OK (41.3KB): shared/demo-console.js
  PASS [JS] OK (20.6KB): tct-tracking.js

SUMMARY: 14 passed, 21 failed, 16 warnings

